../Core/Src/main.c:73:6:delay_ns	24	static
../Core/Src/main.c:78:6:WS2812SendBit	16	static
../Core/Src/main.c:96:6:WS2812SendByte	24	static
../Core/Src/main.c:102:6:WS2812SendColor	16	static
../Core/Src/main.c:108:6:WS2812SendColors	24	static
../Core/Src/main.c:119:5:main	24	static
../Core/Src/main.c:187:6:SystemClock_Config	88	static
../Core/Src/main.c:234:13:MX_TIM1_Init	96	static
../Core/Src/main.c:309:13:MX_TIM3_Init	32	static
../Core/Src/main.c:354:13:MX_USART2_UART_Init	8	static
../Core/Src/main.c:385:13:MX_DMA_Init	16	static
../Core/Src/main.c:403:13:MX_GPIO_Init	16	static
../Core/Src/main.c:416:6:HAL_TIM_PeriodElapsedCallback	16	static
../Core/Src/main.c:437:6:Error_Handler	4	static,ignoring_inline_asm
